<?xml version="1.0" encoding="UTF-8"?>
<Document xmlns="urn:test:xsd:aaachoice.001.001.01">
    <ChoiceTestDocument>
        <AcctId>
            <Prtry>
                <Id />
            </Prtry>
        </AcctId>
        <AcctNm />
        <AcctDsgnt />
        <OwnrId>
            <BICOrBEI>BIC</BICOrBEI>
        </OwnrId>
        <OwnrId>
        </OwnrId>
        <AcctSvcr>
            <BICOrBEI>BEI</BICOrBEI>
        </AcctSvcr>
        <OrdrOrgtrElgblty />
        <testNode>
            <RcptId></RcptId>
        </testNode>
    </ChoiceTestDocument>
</Document>
